// Jest Snapshot v1, https://goo.gl/fbAQLP

exports[`createBlock should create consistent output for the same input with many contract calls 1`] = `-256`;

exports[`createBlock should create consistent output for the same input with many contract calls 2`] = `
BlockContainer {
  "rawData": {
    "__t": "vsc-block",
    "__v": "0.1",
    "headers": {
      "prevb": "bafyreice7xwdwuuwzgvl63sg73hqlptinizmo5ajgb5aqjwoxzesgflnge",
    },
    "merkle_root": null,
    "sig_root": null,
    "txs": [],
  },
  "ref_end": 86424500,
  "ref_start": 86407311,
}
`;

exports[`createBlock should create consistent output for the same input with no input 1`] = `0`;

exports[`createBlock should create consistent output for the same input with no input 2`] = `
BlockContainer {
  "rawData": {
    "__t": "vsc-block",
    "__v": "0.1",
    "headers": {
      "prevb": "bafyreice7xwdwuuwzgvl63sg73hqlptinizmo5ajgb5aqjwoxzesgflnge",
    },
    "merkle_root": null,
    "sig_root": null,
    "txs": [],
  },
  "ref_end": 86424500,
  "ref_start": 86407311,
}
`;

exports[`createBlock should create consistent output for the same input with very many contract calls 1`] = `-1744`;

exports[`createBlock should create consistent output for the same input with very many contract calls 2`] = `
BlockContainer {
  "rawData": {
    "__t": "vsc-block",
    "__v": "0.1",
    "headers": {
      "prevb": "bafyreice7xwdwuuwzgvl63sg73hqlptinizmo5ajgb5aqjwoxzesgflnge",
    },
    "merkle_root": null,
    "sig_root": null,
    "txs": [],
  },
  "ref_end": 86424500,
  "ref_start": 86407311,
}
`;

exports[`createBlock should create differ output for the same but jumbled input with no input 1`] = `0`;

exports[`createBlock should create differ output for the same but jumbled input with no input 2`] = `0`;

exports[`createBlock should create differ output for the same but jumbled input with no input 3`] = `
BlockContainer {
  "rawData": {
    "__t": "vsc-block",
    "__v": "0.1",
    "headers": {
      "prevb": "bafyreice7xwdwuuwzgvl63sg73hqlptinizmo5ajgb5aqjwoxzesgflnge",
    },
    "merkle_root": null,
    "sig_root": null,
    "txs": [],
  },
  "ref_end": 86424500,
  "ref_start": 86407311,
}
`;

exports[`createBlock should create differ output for the same but jumbled input with no input 4`] = `
BlockContainer {
  "rawData": {
    "__t": "vsc-block",
    "__v": "0.1",
    "headers": {
      "prevb": "bafyreice7xwdwuuwzgvl63sg73hqlptinizmo5ajgb5aqjwoxzesgflnge",
    },
    "merkle_root": null,
    "sig_root": null,
    "txs": [],
  },
  "ref_end": 86424500,
  "ref_start": 86407311,
}
`;
