// Jest Snapshot v1, https://goo.gl/fbAQLP

exports[`schedule weightedSchedule should work 1`] = `
[
  {
    "account": "A",
    "bn": 0,
    "bn_works": true,
    "in_past": true,
    "key": "redacted",
  },
  {
    "account": "A",
    "bn": 10,
    "bn_works": true,
    "in_past": false,
    "key": "redacted",
  },
  {
    "account": "C",
    "bn": 20,
    "bn_works": true,
    "in_past": false,
    "key": "redacted",
  },
  {
    "account": "B",
    "bn": 30,
    "bn_works": true,
    "in_past": false,
    "key": "redacted",
  },
  {
    "account": "A",
    "bn": 40,
    "bn_works": true,
    "in_past": false,
    "key": "redacted",
  },
  {
    "account": "A",
    "bn": 50,
    "bn_works": true,
    "in_past": false,
    "key": "redacted",
  },
  {
    "account": "C",
    "bn": 60,
    "bn_works": true,
    "in_past": false,
    "key": "redacted",
  },
  {
    "account": "C",
    "bn": 70,
    "bn_works": true,
    "in_past": false,
    "key": "redacted",
  },
  {
    "account": "C",
    "bn": 80,
    "bn_works": true,
    "in_past": false,
    "key": "redacted",
  },
  {
    "account": "C",
    "bn": 90,
    "bn_works": true,
    "in_past": false,
    "key": "redacted",
  },
  {
    "account": "B",
    "bn": 100,
    "bn_works": true,
    "in_past": false,
    "key": "redacted",
  },
  {
    "account": "B",
    "bn": 110,
    "bn_works": true,
    "in_past": false,
    "key": "redacted",
  },
  {
    "account": "A",
    "bn": 120,
    "bn_works": true,
    "in_past": false,
    "key": "redacted",
  },
  {
    "account": "A",
    "bn": 130,
    "bn_works": true,
    "in_past": false,
    "key": "redacted",
  },
  {
    "account": "B",
    "bn": 140,
    "bn_works": true,
    "in_past": false,
    "key": "redacted",
  },
  {
    "account": "B",
    "bn": 150,
    "bn_works": true,
    "in_past": false,
    "key": "redacted",
  },
  {
    "account": "B",
    "bn": 160,
    "bn_works": true,
    "in_past": false,
    "key": "redacted",
  },
  {
    "account": "A",
    "bn": 170,
    "bn_works": true,
    "in_past": false,
    "key": "redacted",
  },
  {
    "account": "C",
    "bn": 180,
    "bn_works": true,
    "in_past": false,
    "key": "redacted",
  },
  {
    "account": "A",
    "bn": 190,
    "bn_works": true,
    "in_past": false,
    "key": "redacted",
  },
  {
    "account": "A",
    "bn": 200,
    "bn_works": true,
    "in_past": false,
    "key": "redacted",
  },
  {
    "account": "C",
    "bn": 210,
    "bn_works": true,
    "in_past": false,
    "key": "redacted",
  },
  {
    "account": "C",
    "bn": 220,
    "bn_works": true,
    "in_past": false,
    "key": "redacted",
  },
  {
    "account": "A",
    "bn": 230,
    "bn_works": true,
    "in_past": false,
    "key": "redacted",
  },
  {
    "account": "A",
    "bn": 240,
    "bn_works": true,
    "in_past": false,
    "key": "redacted",
  },
  {
    "account": "C",
    "bn": 250,
    "bn_works": true,
    "in_past": false,
    "key": "redacted",
  },
  {
    "account": "A",
    "bn": 260,
    "bn_works": true,
    "in_past": false,
    "key": "redacted",
  },
  {
    "account": "B",
    "bn": 270,
    "bn_works": true,
    "in_past": false,
    "key": "redacted",
  },
  {
    "account": "A",
    "bn": 280,
    "bn_works": true,
    "in_past": false,
    "key": "redacted",
  },
  {
    "account": "A",
    "bn": 290,
    "bn_works": true,
    "in_past": false,
    "key": "redacted",
  },
  {
    "account": "C",
    "bn": 300,
    "bn_works": true,
    "in_past": false,
    "key": "redacted",
  },
  {
    "account": "B",
    "bn": 310,
    "bn_works": true,
    "in_past": false,
    "key": "redacted",
  },
  {
    "account": "A",
    "bn": 320,
    "bn_works": true,
    "in_past": false,
    "key": "redacted",
  },
  {
    "account": "A",
    "bn": 330,
    "bn_works": true,
    "in_past": false,
    "key": "redacted",
  },
  {
    "account": "C",
    "bn": 340,
    "bn_works": true,
    "in_past": false,
    "key": "redacted",
  },
  {
    "account": "C",
    "bn": 350,
    "bn_works": true,
    "in_past": false,
    "key": "redacted",
  },
  {
    "account": "C",
    "bn": 360,
    "bn_works": true,
    "in_past": false,
    "key": "redacted",
  },
  {
    "account": "B",
    "bn": 370,
    "bn_works": true,
    "in_past": false,
    "key": "redacted",
  },
  {
    "account": "C",
    "bn": 380,
    "bn_works": true,
    "in_past": false,
    "key": "redacted",
  },
  {
    "account": "C",
    "bn": 390,
    "bn_works": true,
    "in_past": false,
    "key": "redacted",
  },
  {
    "account": "A",
    "bn": 400,
    "bn_works": true,
    "in_past": false,
    "key": "redacted",
  },
  {
    "account": "B",
    "bn": 410,
    "bn_works": true,
    "in_past": false,
    "key": "redacted",
  },
  {
    "account": "B",
    "bn": 420,
    "bn_works": true,
    "in_past": false,
    "key": "redacted",
  },
  {
    "account": "B",
    "bn": 430,
    "bn_works": true,
    "in_past": false,
    "key": "redacted",
  },
  {
    "account": "A",
    "bn": 440,
    "bn_works": true,
    "in_past": false,
    "key": "redacted",
  },
  {
    "account": "C",
    "bn": 450,
    "bn_works": true,
    "in_past": false,
    "key": "redacted",
  },
  {
    "account": "B",
    "bn": 460,
    "bn_works": true,
    "in_past": false,
    "key": "redacted",
  },
  {
    "account": "A",
    "bn": 470,
    "bn_works": true,
    "in_past": false,
    "key": "redacted",
  },
  {
    "account": "A",
    "bn": 480,
    "bn_works": true,
    "in_past": false,
    "key": "redacted",
  },
  {
    "account": "B",
    "bn": 490,
    "bn_works": true,
    "in_past": false,
    "key": "redacted",
  },
  {
    "account": "C",
    "bn": 500,
    "bn_works": true,
    "in_past": false,
    "key": "redacted",
  },
  {
    "account": "A",
    "bn": 510,
    "bn_works": true,
    "in_past": false,
    "key": "redacted",
  },
  {
    "account": "C",
    "bn": 520,
    "bn_works": true,
    "in_past": false,
    "key": "redacted",
  },
  {
    "account": "C",
    "bn": 530,
    "bn_works": true,
    "in_past": false,
    "key": "redacted",
  },
  {
    "account": "C",
    "bn": 540,
    "bn_works": true,
    "in_past": false,
    "key": "redacted",
  },
  {
    "account": "A",
    "bn": 550,
    "bn_works": true,
    "in_past": false,
    "key": "redacted",
  },
  {
    "account": "A",
    "bn": 560,
    "bn_works": true,
    "in_past": false,
    "key": "redacted",
  },
  {
    "account": "B",
    "bn": 570,
    "bn_works": true,
    "in_past": false,
    "key": "redacted",
  },
  {
    "account": "B",
    "bn": 580,
    "bn_works": true,
    "in_past": false,
    "key": "redacted",
  },
  {
    "account": "C",
    "bn": 590,
    "bn_works": true,
    "in_past": false,
    "key": "redacted",
  },
  {
    "account": "C",
    "bn": 600,
    "bn_works": true,
    "in_past": false,
    "key": "redacted",
  },
  {
    "account": "A",
    "bn": 610,
    "bn_works": true,
    "in_past": false,
    "key": "redacted",
  },
  {
    "account": "C",
    "bn": 620,
    "bn_works": true,
    "in_past": false,
    "key": "redacted",
  },
  {
    "account": "C",
    "bn": 630,
    "bn_works": true,
    "in_past": false,
    "key": "redacted",
  },
  {
    "account": "A",
    "bn": 640,
    "bn_works": true,
    "in_past": false,
    "key": "redacted",
  },
  {
    "account": "C",
    "bn": 650,
    "bn_works": true,
    "in_past": false,
    "key": "redacted",
  },
  {
    "account": "B",
    "bn": 660,
    "bn_works": true,
    "in_past": false,
    "key": "redacted",
  },
  {
    "account": "B",
    "bn": 670,
    "bn_works": true,
    "in_past": false,
    "key": "redacted",
  },
  {
    "account": "C",
    "bn": 680,
    "bn_works": true,
    "in_past": false,
    "key": "redacted",
  },
  {
    "account": "A",
    "bn": 690,
    "bn_works": true,
    "in_past": false,
    "key": "redacted",
  },
  {
    "account": "C",
    "bn": 700,
    "bn_works": true,
    "in_past": false,
    "key": "redacted",
  },
  {
    "account": "A",
    "bn": 710,
    "bn_works": true,
    "in_past": false,
    "key": "redacted",
  },
  {
    "account": "B",
    "bn": 720,
    "bn_works": true,
    "in_past": false,
    "key": "redacted",
  },
  {
    "account": "B",
    "bn": 730,
    "bn_works": true,
    "in_past": false,
    "key": "redacted",
  },
  {
    "account": "B",
    "bn": 740,
    "bn_works": true,
    "in_past": false,
    "key": "redacted",
  },
  {
    "account": "B",
    "bn": 750,
    "bn_works": true,
    "in_past": false,
    "key": "redacted",
  },
  {
    "account": "B",
    "bn": 760,
    "bn_works": true,
    "in_past": false,
    "key": "redacted",
  },
  {
    "account": "A",
    "bn": 770,
    "bn_works": true,
    "in_past": false,
    "key": "redacted",
  },
  {
    "account": "B",
    "bn": 780,
    "bn_works": true,
    "in_past": false,
    "key": "redacted",
  },
  {
    "account": "B",
    "bn": 790,
    "bn_works": true,
    "in_past": false,
    "key": "redacted",
  },
  {
    "account": "A",
    "bn": 800,
    "bn_works": true,
    "in_past": false,
    "key": "redacted",
  },
  {
    "account": "B",
    "bn": 810,
    "bn_works": true,
    "in_past": false,
    "key": "redacted",
  },
  {
    "account": "B",
    "bn": 820,
    "bn_works": true,
    "in_past": false,
    "key": "redacted",
  },
  {
    "account": "C",
    "bn": 830,
    "bn_works": true,
    "in_past": false,
    "key": "redacted",
  },
  {
    "account": "C",
    "bn": 840,
    "bn_works": true,
    "in_past": false,
    "key": "redacted",
  },
  {
    "account": "A",
    "bn": 850,
    "bn_works": true,
    "in_past": false,
    "key": "redacted",
  },
  {
    "account": "B",
    "bn": 860,
    "bn_works": true,
    "in_past": false,
    "key": "redacted",
  },
  {
    "account": "A",
    "bn": 870,
    "bn_works": true,
    "in_past": false,
    "key": "redacted",
  },
  {
    "account": "C",
    "bn": 880,
    "bn_works": true,
    "in_past": false,
    "key": "redacted",
  },
  {
    "account": "C",
    "bn": 890,
    "bn_works": true,
    "in_past": false,
    "key": "redacted",
  },
  {
    "account": "C",
    "bn": 900,
    "bn_works": true,
    "in_past": false,
    "key": "redacted",
  },
  {
    "account": "B",
    "bn": 910,
    "bn_works": true,
    "in_past": false,
    "key": "redacted",
  },
  {
    "account": "B",
    "bn": 920,
    "bn_works": true,
    "in_past": false,
    "key": "redacted",
  },
  {
    "account": "C",
    "bn": 930,
    "bn_works": true,
    "in_past": false,
    "key": "redacted",
  },
  {
    "account": "A",
    "bn": 940,
    "bn_works": true,
    "in_past": false,
    "key": "redacted",
  },
  {
    "account": "C",
    "bn": 950,
    "bn_works": true,
    "in_past": false,
    "key": "redacted",
  },
  {
    "account": "B",
    "bn": 960,
    "bn_works": true,
    "in_past": false,
    "key": "redacted",
  },
  {
    "account": "A",
    "bn": 970,
    "bn_works": true,
    "in_past": false,
    "key": "redacted",
  },
  {
    "account": "B",
    "bn": 980,
    "bn_works": true,
    "in_past": false,
    "key": "redacted",
  },
  {
    "account": "C",
    "bn": 990,
    "bn_works": true,
    "in_past": false,
    "key": "redacted",
  },
  {
    "account": "B",
    "bn": 1000,
    "bn_works": true,
    "in_past": false,
    "key": "redacted",
  },
  {
    "account": "A",
    "bn": 1010,
    "bn_works": true,
    "in_past": false,
    "key": "redacted",
  },
  {
    "account": "B",
    "bn": 1020,
    "bn_works": true,
    "in_past": false,
    "key": "redacted",
  },
  {
    "account": "B",
    "bn": 1030,
    "bn_works": true,
    "in_past": false,
    "key": "redacted",
  },
  {
    "account": "A",
    "bn": 1040,
    "bn_works": true,
    "in_past": false,
    "key": "redacted",
  },
  {
    "account": "C",
    "bn": 1050,
    "bn_works": true,
    "in_past": false,
    "key": "redacted",
  },
  {
    "account": "A",
    "bn": 1060,
    "bn_works": true,
    "in_past": false,
    "key": "redacted",
  },
  {
    "account": "C",
    "bn": 1070,
    "bn_works": true,
    "in_past": false,
    "key": "redacted",
  },
  {
    "account": "B",
    "bn": 1080,
    "bn_works": true,
    "in_past": false,
    "key": "redacted",
  },
  {
    "account": "B",
    "bn": 1090,
    "bn_works": true,
    "in_past": false,
    "key": "redacted",
  },
  {
    "account": "C",
    "bn": 1100,
    "bn_works": true,
    "in_past": false,
    "key": "redacted",
  },
  {
    "account": "A",
    "bn": 1110,
    "bn_works": true,
    "in_past": false,
    "key": "redacted",
  },
  {
    "account": "A",
    "bn": 1120,
    "bn_works": true,
    "in_past": false,
    "key": "redacted",
  },
  {
    "account": "B",
    "bn": 1130,
    "bn_works": true,
    "in_past": false,
    "key": "redacted",
  },
  {
    "account": "B",
    "bn": 1140,
    "bn_works": true,
    "in_past": false,
    "key": "redacted",
  },
  {
    "account": "A",
    "bn": 1150,
    "bn_works": true,
    "in_past": false,
    "key": "redacted",
  },
  {
    "account": "C",
    "bn": 1160,
    "bn_works": true,
    "in_past": false,
    "key": "redacted",
  },
  {
    "account": "C",
    "bn": 1170,
    "bn_works": true,
    "in_past": false,
    "key": "redacted",
  },
  {
    "account": "A",
    "bn": 1180,
    "bn_works": true,
    "in_past": false,
    "key": "redacted",
  },
  {
    "account": "B",
    "bn": 1190,
    "bn_works": true,
    "in_past": false,
    "key": "redacted",
  },
]
`;
